The CJS build of Vite's Node API is deprecated. See https://vite.dev/guide/troubleshooting.html#vite-cjs-node-api-deprecated for more details.
[36mvite v6.4.1 [32mbuilding for production...[36m[39m
transforming...
[32m✓[39m 121 modules transformed.

✨ [vite-plugin-compression]:algorithm=gzip - compressed file successfully: 
dist/C:/Users/hp/Desktop/projet2/ecommerce-store/frontend/assets/@remix-run-Dj75pC7Q.js.gz                         9.03kb / gzip: 4.00kb
dist/C:/Users/hp/Desktop/projet2/ecommerce-store/frontend/assets/@reduxjs-DjVRNKhR.js.gz                           19.89kb / gzip: 7.98kb
dist/C:/Users/hp/Desktop/projet2/ecommerce-store/frontend/assets/AdminAds-D0g2OeUR.js.gz                           11.20kb / gzip: 3.54kb
dist/C:/Users/hp/Desktop/projet2/ecommerce-store/frontend/assets/@sentry-qLZA7m4L.js.gz                            21.23kb / gzip: 6.77kb
dist/C:/Users/hp/Desktop/projet2/ecommerce-store/frontend/assets/AdminAds-CMGkG5Ar.css.gz                          7.24kb / gzip: 1.89kb
dist/C:/Users/hp/Desktop/projet2/ecommerce-store/frontend/assets/Addresses-DMYCyqBo.js.gz                          2.34kb / gzip: 0.93kb
dist/C:/Users/hp/Desktop/projet2/ecommerce-store/frontend/assets/AdminAnalytics-BCxlqD9L.js.gz                     9.04kb / gzip: 3.24kb
dist/C:/Users/hp/Desktop/projet2/ecommerce-store/frontend/assets/AdminAudit-NCv5rTbI.js.gz                         4.88kb / gzip: 2.05kb
dist/C:/Users/hp/Desktop/projet2/ecommerce-store/frontend/assets/AdminBroadcast-Cn9UUKaJ.css.gz                    32.38kb / gzip: 6.85kb
dist/C:/Users/hp/Desktop/projet2/ecommerce-store/frontend/assets/AdminAudit-nrqwPb3Z.css.gz                        32.02kb / gzip: 6.82kb
dist/C:/Users/hp/Desktop/projet2/ecommerce-store/frontend/assets/AdminBroadcast-Cx7EOV8D.js.gz                     5.59kb / gzip: 2.24kb
dist/C:/Users/hp/Desktop/projet2/ecommerce-store/frontend/assets/@tanstack-EuBh1n3e.js.gz                          38.41kb / gzip: 11.54kb
dist/C:/Users/hp/Desktop/projet2/ecommerce-store/frontend/assets/AdminCache-B-yuPcWa.js.gz                         6.01kb / gzip: 2.41kb
dist/C:/Users/hp/Desktop/projet2/ecommerce-store/frontend/assets/AdminContent-o_mStHIM.js.gz                       6.23kb / gzip: 2.57kb
dist/C:/Users/hp/Desktop/projet2/ecommerce-store/frontend/assets/AdminAnalytics-fpbeIBhN.css.gz                    33.14kb / gzip: 6.98kb
dist/C:/Users/hp/Desktop/projet2/ecommerce-store/frontend/assets/AdminCache-vNz7Kn3T.css.gz                        33.41kb / gzip: 7.07kb
dist/C:/Users/hp/Desktop/projet2/ecommerce-store/frontend/assets/AdminDashboard-BmCOWJNS.js.gz                     9.42kb / gzip: 3.51kb
dist/C:/Users/hp/Desktop/projet2/ecommerce-store/frontend/assets/AdminImport-DqCpl66S.js.gz                        5.06kb / gzip: 2.10kb
dist/C:/Users/hp/Desktop/projet2/ecommerce-store/frontend/assets/AdminLedger-D0loP65q.js.gz                        5.01kb / gzip: 2.10kb
dist/C:/Users/hp/Desktop/projet2/ecommerce-store/frontend/assets/AdminOrders-VlxVxJGM.js.gz                        4.90kb / gzip: 1.89kb
dist/C:/Users/hp/Desktop/projet2/ecommerce-store/frontend/assets/AdminPayouts-BlzOIoij.js.gz                       6.07kb / gzip: 2.38kb
dist/C:/Users/hp/Desktop/projet2/ecommerce-store/frontend/assets/AdminContent-DoF5H0oj.css.gz                      34.04kb / gzip: 7.11kb
dist/C:/Users/hp/Desktop/projet2/ecommerce-store/frontend/assets/AdminDashboard-DwQQ8lG7.css.gz                    34.03kb / gzip: 7.17kb
dist/C:/Users/hp/Desktop/projet2/ecommerce-store/frontend/assets/AdminLedger-BSZpjxkU.css.gz                       31.84kb / gzip: 6.80kb
dist/C:/Users/hp/Desktop/projet2/ecommerce-store/frontend/assets/AdminPayouts-Bnn-2RcM.css.gz                      32.84kb / gzip: 6.92kb
dist/C:/Users/hp/Desktop/projet2/ecommerce-store/frontend/assets/AdminPlans-DW_2hnZg.js.gz                         13.33kb / gzip: 4.12kb
dist/C:/Users/hp/Desktop/projet2/ecommerce-store/frontend/assets/AdminPlans-BsbDLgj4.css.gz                        36.16kb / gzip: 7.52kb
dist/C:/Users/hp/Desktop/projet2/ecommerce-store/frontend/assets/AdminLogs-C5UOS-7V.js.gz                          6.60kb / gzip: 2.66kb
dist/C:/Users/hp/Desktop/projet2/ecommerce-store/frontend/assets/AdminProductEditRefactor-kqecKVAE.js.gz           16.73kb / gzip: 6.10kb
dist/C:/Users/hp/Desktop/projet2/ecommerce-store/frontend/assets/AdminLogs-ysY9bcPt.css.gz                         34.30kb / gzip: 7.20kb
dist/C:/Users/hp/Desktop/projet2/ecommerce-store/frontend/assets/AdminOrders-CTJHZVR_.css.gz                       34.55kb / gzip: 7.23kb
dist/C:/Users/hp/Desktop/projet2/ecommerce-store/frontend/assets/AdminProductEditRefactor-DICa6An1.css.gz          34.11kb / gzip: 7.10kb
dist/C:/Users/hp/Desktop/projet2/ecommerce-store/frontend/assets/AdminReviews-CMJu-VyJ.js.gz                       3.20kb / gzip: 1.32kb
dist/C:/Users/hp/Desktop/projet2/ecommerce-store/frontend/assets/AdminProducts-Crln_SKd.js.gz                      8.49kb / gzip: 2.98kb
dist/C:/Users/hp/Desktop/projet2/ecommerce-store/frontend/assets/AdminReviews-eISj3X7g.css.gz                      1.94kb / gzip: 0.79kb
dist/C:/Users/hp/Desktop/projet2/ecommerce-store/frontend/assets/AdminRoles-DnL_SgKz.css.gz                        4.03kb / gzip: 1.13kb
dist/C:/Users/hp/Desktop/projet2/ecommerce-store/frontend/assets/AdminProducts-Djcg3jmA.css.gz                     36.00kb / gzip: 7.46kb
dist/C:/Users/hp/Desktop/projet2/ecommerce-store/frontend/assets/AdminRMA-CFXqEoDq.js.gz                           5.75kb / gzip: 2.37kb
dist/C:/Users/hp/Desktop/projet2/ecommerce-store/frontend/assets/AdminRMA-BfAZUoX_.css.gz                          32.57kb / gzip: 6.91kb
dist/C:/Users/hp/Desktop/projet2/ecommerce-store/frontend/assets/AdminSettings-vVgpRwAY.js.gz                      11.02kb / gzip: 3.43kb
dist/C:/Users/hp/Desktop/projet2/ecommerce-store/frontend/assets/AdminShipping-BAgSJEAw.js.gz                      11.59kb / gzip: 3.62kb
dist/C:/Users/hp/Desktop/projet2/ecommerce-store/frontend/assets/AdminSettings-B8nKX3g2.css.gz                     39.44kb / gzip: 7.99kb
dist/C:/Users/hp/Desktop/projet2/ecommerce-store/frontend/assets/AdminRoles-Dp_VwU_w.js.gz                         5.57kb / gzip: 2.40kb
dist/C:/Users/hp/Desktop/projet2/ecommerce-store/frontend/assets/adminService-Dw4XKbTi.js.gz                       1.82kb / gzip: 0.58kb
dist/C:/Users/hp/Desktop/projet2/ecommerce-store/frontend/assets/AdminStoreBuilder-B5JmjfVO.css.gz                 13.62kb / gzip: 3.08kb
dist/C:/Users/hp/Desktop/projet2/ecommerce-store/frontend/assets/AdminSupport-B_BCznqU.js.gz                       8.21kb / gzip: 3.00kb
dist/C:/Users/hp/Desktop/projet2/ecommerce-store/frontend/assets/AdminSubscriptions-DLhMxKbj.js.gz                 4.98kb / gzip: 1.98kb
dist/C:/Users/hp/Desktop/projet2/ecommerce-store/frontend/assets/AdminTasks-B5_iS69s.js.gz                         5.24kb / gzip: 1.96kb
dist/C:/Users/hp/Desktop/projet2/ecommerce-store/frontend/assets/AdminStoreBuilder-DMyh3KFi.js.gz                  19.76kb / gzip: 6.34kb
dist/C:/Users/hp/Desktop/projet2/ecommerce-store/frontend/assets/AdminShipping-D0fjqWKy.css.gz                     35.86kb / gzip: 7.42kb
dist/C:/Users/hp/Desktop/projet2/ecommerce-store/frontend/assets/AdminUsers-DD4hnDvV.js.gz                         8.32kb / gzip: 2.74kb
dist/C:/Users/hp/Desktop/projet2/ecommerce-store/frontend/assets/AdminSupport-D4VZUHW5.css.gz                      36.36kb / gzip: 7.54kb
dist/C:/Users/hp/Desktop/projet2/ecommerce-store/frontend/assets/AdminVendors-703zj3Dq.js.gz                       13.10kb / gzip: 4.16kb
dist/C:/Users/hp/Desktop/projet2/ecommerce-store/frontend/assets/AdminUsers-Cr0nTRgq.css.gz                        33.24kb / gzip: 7.04kb
dist/C:/Users/hp/Desktop/projet2/ecommerce-store/frontend/assets/AdminVendors-k_qSCo_z.css.gz                      36.14kb / gzip: 7.51kb
dist/C:/Users/hp/Desktop/projet2/ecommerce-store/frontend/assets/AffiliateDashboard-DsEk406S.js.gz                 12.38kb / gzip: 3.91kb
dist/C:/Users/hp/Desktop/projet2/ecommerce-store/frontend/assets/BecomeVendor-DS9yix3p.js.gz                       5.36kb / gzip: 1.93kb
dist/C:/Users/hp/Desktop/projet2/ecommerce-store/frontend/assets/Auth.module-BmVkOqk9.js.gz                        5.52kb / gzip: 1.88kb
dist/C:/Users/hp/Desktop/projet2/ecommerce-store/frontend/assets/Cart-DVfSG-qv.js.gz                               6.05kb / gzip: 2.09kb
dist/C:/Users/hp/Desktop/projet2/ecommerce-store/frontend/assets/cartService-OvhuQ5P2.js.gz                        1.48kb / gzip: 0.72kb
dist/C:/Users/hp/Desktop/projet2/ecommerce-store/frontend/assets/Cart-C_t3UBDS.css.gz                              6.67kb / gzip: 1.72kb
dist/C:/Users/hp/Desktop/projet2/ecommerce-store/frontend/assets/axios-B9ygI19o.js.gz                              35.43kb / gzip: 14.35kb
dist/C:/Users/hp/Desktop/projet2/ecommerce-store/frontend/assets/CategoryShowcase-B6xPdrdS.css.gz                  7.02kb / gzip: 1.86kb
dist/C:/Users/hp/Desktop/projet2/ecommerce-store/frontend/assets/CategoryShowcase-DWpFr5lm.js.gz                   13.04kb / gzip: 4.14kb
dist/C:/Users/hp/Desktop/projet2/ecommerce-store/frontend/assets/CheckoutSuccess-Buebqpqd.js.gz                    1.75kb / gzip: 0.88kb
dist/C:/Users/hp/Desktop/projet2/ecommerce-store/frontend/assets/Contact-B3lLSolN.js.gz                            1.36kb / gzip: 0.73kb
dist/C:/Users/hp/Desktop/projet2/ecommerce-store/frontend/assets/Checkout-0ubmqsXZ.css.gz                          8.02kb / gzip: 2.00kb
dist/C:/Users/hp/Desktop/projet2/ecommerce-store/frontend/assets/Auth-V3X0tE2g.css.gz                              36.32kb / gzip: 7.75kb
dist/C:/Users/hp/Desktop/projet2/ecommerce-store/frontend/assets/CustomButton-D4RhLHPx.css.gz                      1.76kb / gzip: 0.82kb
dist/C:/Users/hp/Desktop/projet2/ecommerce-store/frontend/assets/Compare-Bx_3O058.js.gz                            4.84kb / gzip: 1.94kb
dist/C:/Users/hp/Desktop/projet2/ecommerce-store/frontend/assets/CustomButton-BDAL7YBv.js.gz                       1.30kb / gzip: 0.73kb
dist/C:/Users/hp/Desktop/projet2/ecommerce-store/frontend/assets/d3-array-g_qRI3rN.js.gz                           3.28kb / gzip: 1.43kb
dist/C:/Users/hp/Desktop/projet2/ecommerce-store/frontend/assets/Checkout-DTVK52aj.js.gz                           8.38kb / gzip: 2.84kb
dist/C:/Users/hp/Desktop/projet2/ecommerce-store/frontend/assets/cross-fetch-CfFvuJOP.js.gz                        10.22kb / gzip: 3.47kb
dist/C:/Users/hp/Desktop/projet2/ecommerce-store/frontend/assets/d3-color-9lF95FHy.js.gz                           6.96kb / gzip: 2.95kb
dist/C:/Users/hp/Desktop/projet2/ecommerce-store/frontend/assets/d3-interpolate-CCf1iqz-.js.gz                     2.50kb / gzip: 1.17kb
dist/C:/Users/hp/Desktop/projet2/ecommerce-store/frontend/assets/CustomerSupport-CTmHIQX2.js.gz                    5.58kb / gzip: 2.03kb
dist/C:/Users/hp/Desktop/projet2/ecommerce-store/frontend/assets/Compare-7uoL_PS9.css.gz                           32.67kb / gzip: 6.90kb
dist/C:/Users/hp/Desktop/projet2/ecommerce-store/frontend/assets/d3-format-CzD4bSOQ.js.gz                          4.68kb / gzip: 2.14kb
dist/C:/Users/hp/Desktop/projet2/ecommerce-store/frontend/assets/d3-path-CimkQT29.js.gz                            1.98kb / gzip: 0.89kb
dist/C:/Users/hp/Desktop/projet2/ecommerce-store/frontend/assets/d3-time-g9mLz1m7.js.gz                            4.54kb / gzip: 1.61kb
dist/C:/Users/hp/Desktop/projet2/ecommerce-store/frontend/assets/d3-shape-CTij_K8F.js.gz                           13.55kb / gzip: 3.77kb
dist/C:/Users/hp/Desktop/projet2/ecommerce-store/frontend/assets/d3-time-format-j2_s_XYn.js.gz                     8.81kb / gzip: 2.77kb
dist/C:/Users/hp/Desktop/projet2/ecommerce-store/frontend/assets/d3-scale-_jV4VZB3.js.gz                           14.66kb / gzip: 4.81kb
dist/C:/Users/hp/Desktop/projet2/ecommerce-store/frontend/assets/DynamicBanners-DXa1GkF0.css.gz                    6.55kb / gzip: 1.84kb
dist/C:/Users/hp/Desktop/projet2/ecommerce-store/frontend/assets/governanceService-C1vG-j8x.js.gz                  2.13kb / gzip: 0.71kb
dist/C:/Users/hp/Desktop/projet2/ecommerce-store/frontend/assets/decimal.js-light-DQE-3iDJ.js.gz                   12.48kb / gzip: 5.35kb
dist/C:/Users/hp/Desktop/projet2/ecommerce-store/frontend/assets/hoist-non-react-statics-CEvG90uu.js.gz            1.09kb / gzip: 0.57kb
dist/C:/Users/hp/Desktop/projet2/ecommerce-store/frontend/assets/html-parse-stringify-BQkF0Qpc.js.gz               2.04kb / gzip: 1.08kb
dist/C:/Users/hp/Desktop/projet2/ecommerce-store/frontend/assets/ForgotPassword-QJNS2F_S.js.gz                     5.48kb / gzip: 2.18kb
dist/C:/Users/hp/Desktop/projet2/ecommerce-store/frontend/assets/DynamicBanners-B2mvoNQo.js.gz                     11.32kb / gzip: 3.62kb
dist/C:/Users/hp/Desktop/projet2/ecommerce-store/frontend/assets/i18next-browser-languagedetector-ClvlpAgo.js.gz   6.84kb / gzip: 2.39kb
dist/C:/Users/hp/Desktop/projet2/ecommerce-store/frontend/assets/immer-BZTISVQZ.js.gz                              8.04kb / gzip: 3.12kb
dist/C:/Users/hp/Desktop/projet2/ecommerce-store/frontend/assets/es-toolkit-CfV2Lj3l.js.gz                         21.21kb / gzip: 6.42kb
dist/C:/Users/hp/Desktop/projet2/ecommerce-store/frontend/assets/Input-ZJ13qh7P.js.gz                              3.50kb / gzip: 1.11kb
dist/C:/Users/hp/Desktop/projet2/ecommerce-store/frontend/assets/i18next-http-backend-BNtm7ZYQ.js.gz               10.66kb / gzip: 3.65kb
dist/C:/Users/hp/Desktop/projet2/ecommerce-store/frontend/assets/Landing-BcMnlh5Y.js.gz                            16.71kb / gzip: 5.57kb
dist/C:/Users/hp/Desktop/projet2/ecommerce-store/frontend/assets/Inbox-Dt0a0wIt.js.gz                              8.17kb / gzip: 2.53kb
dist/C:/Users/hp/Desktop/projet2/ecommerce-store/frontend/assets/Login-DU0nYOD7.js.gz                              9.96kb / gzip: 3.20kb
dist/C:/Users/hp/Desktop/projet2/ecommerce-store/frontend/assets/lucide-react-CN7Hl_-X.js.gz                       45.84kb / gzip: 9.06kb
dist/C:/Users/hp/Desktop/projet2/ecommerce-store/frontend/assets/OrderReview-DmWS04w4.js.gz                        1.46kb / gzip: 0.83kb
dist/C:/Users/hp/Desktop/projet2/ecommerce-store/frontend/assets/i18next-Cb5O8a3p.js.gz                            42.56kb / gzip: 13.47kb
dist/C:/Users/hp/Desktop/projet2/ecommerce-store/frontend/assets/OrderDetail-DsuWWe-t.js.gz                        12.26kb / gzip: 4.25kb
dist/C:/Users/hp/Desktop/projet2/ecommerce-store/frontend/assets/PageContainer-CYuEISiY.css.gz                     1.04kb / gzip: 0.53kb
dist/C:/Users/hp/Desktop/projet2/ecommerce-store/frontend/assets/OrderDetail-DckvEv8r.css.gz                       34.42kb / gzip: 7.26kb
dist/C:/Users/hp/Desktop/projet2/ecommerce-store/frontend/assets/orderService-BJ56Ihc0.js.gz                       1.24kb / gzip: 0.62kb
dist/C:/Users/hp/Desktop/projet2/ecommerce-store/frontend/assets/ProductCard-u0Bfqh1X.js.gz                        4.26kb / gzip: 1.87kb
dist/C:/Users/hp/Desktop/projet2/ecommerce-store/frontend/assets/Orders-4uPkBxG_.css.gz                            34.00kb / gzip: 7.19kb
dist/C:/Users/hp/Desktop/projet2/ecommerce-store/frontend/assets/Orders-Cx06FuHj.js.gz                             9.90kb / gzip: 3.44kb
dist/C:/Users/hp/Desktop/projet2/ecommerce-store/frontend/assets/ProductCard-B0-psh2O.css.gz                       6.31kb / gzip: 1.90kb
dist/C:/Users/hp/Desktop/projet2/ecommerce-store/frontend/assets/Products-DFGBGZyo.css.gz                          7.21kb / gzip: 2.06kb
dist/C:/Users/hp/Desktop/projet2/ecommerce-store/frontend/assets/ProductDetail-NbRMvguE.js.gz                      28.10kb / gzip: 9.82kb
dist/C:/Users/hp/Desktop/projet2/ecommerce-store/frontend/assets/Products-DvfkU7gJ.js.gz                           10.72kb / gzip: 3.64kb
dist/C:/Users/hp/Desktop/projet2/ecommerce-store/frontend/assets/ProductDetail-CnDsTf9S.css.gz                     71.10kb / gzip: 10.65kb
dist/C:/Users/hp/Desktop/projet2/ecommerce-store/frontend/assets/Profile-AsggImUL.css.gz                           33.73kb / gzip: 7.13kb
dist/C:/Users/hp/Desktop/projet2/ecommerce-store/frontend/assets/react-BJPSaweZ.js.gz                              8.04kb / gzip: 3.13kb
dist/C:/Users/hp/Desktop/projet2/ecommerce-store/frontend/assets/ProfileSettings-CH3BX1ea.js.gz                    3.33kb / gzip: 1.21kb
dist/C:/Users/hp/Desktop/projet2/ecommerce-store/frontend/assets/Profile-B5j5BrfV.js.gz                            4.97kb / gzip: 1.92kb
dist/C:/Users/hp/Desktop/projet2/ecommerce-store/frontend/assets/react-is-BpnmhmOb.js.gz                           2.46kb / gzip: 0.90kb
dist/C:/Users/hp/Desktop/projet2/ecommerce-store/frontend/assets/react-i18next-BvKTRlA7.js.gz                      11.71kb / gzip: 4.98kb
dist/C:/Users/hp/Desktop/projet2/ecommerce-store/frontend/assets/react-redux-ml82IoAf.js.gz                        2.27kb / gzip: 1.10kb
dist/C:/Users/hp/Desktop/projet2/ecommerce-store/frontend/assets/react-router-dom-DvQkbO-5.js.gz                   3.58kb / gzip: 1.76kb
dist/C:/Users/hp/Desktop/projet2/ecommerce-store/frontend/assets/react-router-CMOkIiIS.js.gz                       8.79kb / gzip: 3.33kb
dist/C:/Users/hp/Desktop/projet2/ecommerce-store/frontend/assets/ResetPassword-ygrZxod5.js.gz                      2.20kb / gzip: 1.08kb
dist/C:/Users/hp/Desktop/projet2/ecommerce-store/frontend/assets/reselect-CiXCCDx7.js.gz                           2.72kb / gzip: 1.21kb
dist/C:/Users/hp/Desktop/projet2/ecommerce-store/frontend/assets/SupplierDashboard-DVOdxSMA.css.gz                 35.13kb / gzip: 7.32kb
dist/C:/Users/hp/Desktop/projet2/ecommerce-store/frontend/assets/SupplierDashboard-PjmRSAEu.js.gz                  7.92kb / gzip: 2.66kb
dist/C:/Users/hp/Desktop/projet2/ecommerce-store/frontend/assets/redux-BXkGT1VS.js.gz                              2.85kb / gzip: 1.22kb
dist/C:/Users/hp/Desktop/projet2/ecommerce-store/frontend/assets/VendorAddProduct-BOGSJIT7.js.gz                   15.47kb / gzip: 5.00kb
dist/C:/Users/hp/Desktop/projet2/ecommerce-store/frontend/assets/VendorAffiliate-B9cBlUng.js.gz                    5.71kb / gzip: 2.21kb
dist/C:/Users/hp/Desktop/projet2/ecommerce-store/frontend/assets/VendorAddProduct-C2RtTnhM.css.gz                  34.93kb / gzip: 7.35kb
dist/C:/Users/hp/Desktop/projet2/ecommerce-store/frontend/assets/VendorAds-CR67UR4c.js.gz                          4.93kb / gzip: 2.23kb
dist/C:/Users/hp/Desktop/projet2/ecommerce-store/frontend/assets/VendorAffiliate-BFXs3vEO.css.gz                   33.31kb / gzip: 6.99kb
dist/C:/Users/hp/Desktop/projet2/ecommerce-store/frontend/assets/use-sync-external-store-Dh-ldOXz.js.gz            3.41kb / gzip: 1.25kb
dist/C:/Users/hp/Desktop/projet2/ecommerce-store/frontend/assets/scheduler-CoSDG3-6.js.gz                          4.07kb / gzip: 1.77kb
dist/C:/Users/hp/Desktop/projet2/ecommerce-store/frontend/assets/SearchResults-CJNazyGr.js.gz                      1.54kb / gzip: 0.85kb
dist/C:/Users/hp/Desktop/projet2/ecommerce-store/frontend/assets/VendorCoupons-NZkT6PVt.js.gz                      6.35kb / gzip: 2.46kb
dist/C:/Users/hp/Desktop/projet2/ecommerce-store/frontend/assets/VendorCoupons-BPz9IDRZ.css.gz                     34.72kb / gzip: 7.21kb
dist/C:/Users/hp/Desktop/projet2/ecommerce-store/frontend/assets/VendorDropshipping-B--nKIn8.js.gz                 4.78kb / gzip: 2.04kb
dist/C:/Users/hp/Desktop/projet2/ecommerce-store/frontend/assets/VendorDashboard-DAkuSY_q.js.gz                    8.47kb / gzip: 3.20kb
dist/C:/Users/hp/Desktop/projet2/ecommerce-store/frontend/assets/VendorDropshipping-ClJw7wun.css.gz                3.90kb / gzip: 1.38kb
dist/C:/Users/hp/Desktop/projet2/ecommerce-store/frontend/assets/VendorPayoutRequests-DZ3BZz3I.js.gz               6.20kb / gzip: 2.45kb
dist/C:/Users/hp/Desktop/projet2/ecommerce-store/frontend/assets/VendorOrders-BDXdgQ1J.js.gz                       9.61kb / gzip: 3.28kb
dist/C:/Users/hp/Desktop/projet2/ecommerce-store/frontend/assets/VendorDashboard-C8Ok3LQA.css.gz                   33.73kb / gzip: 7.12kb
dist/C:/Users/hp/Desktop/projet2/ecommerce-store/frontend/assets/VendorPlans-BA1ynPBz.js.gz                        9.50kb / gzip: 3.16kb
dist/C:/Users/hp/Desktop/projet2/ecommerce-store/frontend/assets/VendorReviews-CbixKFMR.js.gz                      5.85kb / gzip: 2.29kb
dist/C:/Users/hp/Desktop/projet2/ecommerce-store/frontend/assets/VendorOrders-ChKjy97A.css.gz                      36.08kb / gzip: 7.38kb
dist/C:/Users/hp/Desktop/projet2/ecommerce-store/frontend/assets/VendorPayoutRequests-CyKWB3tm.css.gz              33.11kb / gzip: 7.05kb
dist/C:/Users/hp/Desktop/projet2/ecommerce-store/frontend/assets/VendorProducts-DR1FjhD3.css.gz                    35.94kb / gzip: 7.35kb
dist/C:/Users/hp/Desktop/projet2/ecommerce-store/frontend/assets/VendorProducts-BSeaICzS.js.gz                     8.98kb / gzip: 2.98kb
dist/C:/Users/hp/Desktop/projet2/ecommerce-store/frontend/assets/vendorService-lI6tIW5R.js.gz                      1.73kb / gzip: 0.73kb
dist/C:/Users/hp/Desktop/projet2/ecommerce-store/frontend/assets/VendorSettings-BVu1sl6z.js.gz                     9.60kb / gzip: 2.62kb
dist/C:/Users/hp/Desktop/projet2/ecommerce-store/frontend/assets/VendorPlans-CQeqHEJG.css.gz                       35.21kb / gzip: 7.42kb
dist/C:/Users/hp/Desktop/projet2/ecommerce-store/frontend/assets/VendorShipping-CMwE3GRK.js.gz                     4.39kb / gzip: 1.47kb
dist/C:/Users/hp/Desktop/projet2/ecommerce-store/frontend/assets/VendorShipping-CJ5PpBeg.css.gz                    31.49kb / gzip: 6.70kb
dist/C:/Users/hp/Desktop/projet2/ecommerce-store/frontend/assets/VendorSettings-Bq7KJRKx.css.gz                    32.76kb / gzip: 6.96kb
dist/C:/Users/hp/Desktop/projet2/ecommerce-store/frontend/assets/Wallet-CFV3Mh8Y.js.gz                             5.81kb / gzip: 2.32kb
dist/C:/Users/hp/Desktop/projet2/ecommerce-store/frontend/assets/VendorStore-BwGEJooN.css.gz                       33.65kb / gzip: 7.08kb
dist/C:/Users/hp/Desktop/projet2/ecommerce-store/frontend/assets/VendorStore-CA-B4IFd.js.gz                        7.31kb / gzip: 2.94kb
dist/C:/Users/hp/Desktop/projet2/ecommerce-store/frontend/assets/VendorWallet-pLZ5xQV8.js.gz                       10.19kb / gzip: 3.55kb
dist/C:/Users/hp/Desktop/projet2/ecommerce-store/frontend/assets/VendorSupport-BkYl-Op6.css.gz                     39.28kb / gzip: 7.97kb
dist/C:/Users/hp/Desktop/projet2/ecommerce-store/frontend/assets/VendorSupport-CN1xtsoC.js.gz                      7.09kb / gzip: 2.52kb
dist/C:/Users/hp/Desktop/projet2/ecommerce-store/frontend/assets/VendorWallet-Bm-VXk9r.css.gz                      32.78kb / gzip: 6.96kb
dist/C:/Users/hp/Desktop/projet2/ecommerce-store/frontend/assets/Wishlist-E_S6Pa0K.js.gz                           4.33kb / gzip: 1.84kb
dist/C:/Users/hp/Desktop/projet2/ecommerce-store/frontend/assets/web-vitals-nuFs5_Vk.js.gz                         5.25kb / gzip: 1.95kb
dist/C:/Users/hp/Desktop/projet2/ecommerce-store/frontend/index.html.gz                                            2.35kb / gzip: 0.83kb
dist/C:/Users/hp/Desktop/projet2/ecommerce-store/frontend/assets/zustand-B0xfV8HZ.js.gz                            7.36kb / gzip: 2.81kb
dist/C:/Users/hp/Desktop/projet2/ecommerce-store/frontend/assets/Wishlist-DaIEIFeJ.css.gz                          32.63kb / gzip: 6.87kb
dist/C:/Users/hp/Desktop/projet2/ecommerce-store/frontend/assets/index-DmJ7F8cv.js.gz                              121.95kb / gzip: 36.07kb
dist/C:/Users/hp/Desktop/projet2/ecommerce-store/frontend/assets/index-DCYI5r6Y.css.gz                             374.79kb / gzip: 38.97kb
dist/C:/Users/hp/Desktop/projet2/ecommerce-store/frontend/assets/react-dom-DnEo3yEZ.js.gz                          127.40kb / gzip: 40.76kb
dist/C:/Users/hp/Desktop/projet2/ecommerce-store/frontend/assets/recharts-breiHuT9.js.gz                           215.39kb / gzip: 57.29kb



✨ [vite-plugin-compression]:algorithm=brotliCompress - compressed file successfully: 
dist/C:/Users/hp/Desktop/projet2/ecommerce-store/frontend/assets/@remix-run-Dj75pC7Q.js.br                         9.03kb / brotliCompress: 3.55kb
dist/C:/Users/hp/Desktop/projet2/ecommerce-store/frontend/assets/AdminAds-D0g2OeUR.js.br                           11.20kb / brotliCompress: 3.08kb
dist/C:/Users/hp/Desktop/projet2/ecommerce-store/frontend/assets/@reduxjs-DjVRNKhR.js.br                           19.89kb / brotliCompress: 7.36kb
dist/C:/Users/hp/Desktop/projet2/ecommerce-store/frontend/assets/Addresses-DMYCyqBo.js.br                          2.34kb / brotliCompress: 0.80kb
dist/C:/Users/hp/Desktop/projet2/ecommerce-store/frontend/assets/@sentry-qLZA7m4L.js.br                            21.23kb / brotliCompress: 6.12kb
dist/C:/Users/hp/Desktop/projet2/ecommerce-store/frontend/assets/AdminAds-CMGkG5Ar.css.br                          7.24kb / brotliCompress: 1.63kb
dist/C:/Users/hp/Desktop/projet2/ecommerce-store/frontend/assets/AdminAudit-NCv5rTbI.js.br                         4.88kb / brotliCompress: 1.76kb
dist/C:/Users/hp/Desktop/projet2/ecommerce-store/frontend/assets/AdminAnalytics-BCxlqD9L.js.br                     9.04kb / brotliCompress: 2.80kb
dist/C:/Users/hp/Desktop/projet2/ecommerce-store/frontend/assets/@tanstack-EuBh1n3e.js.br                          38.41kb / brotliCompress: 10.40kb
dist/C:/Users/hp/Desktop/projet2/ecommerce-store/frontend/assets/AdminBroadcast-Cx7EOV8D.js.br                     5.59kb / brotliCompress: 1.88kb
dist/C:/Users/hp/Desktop/projet2/ecommerce-store/frontend/assets/AdminCache-B-yuPcWa.js.br                         6.01kb / brotliCompress: 2.08kb
dist/C:/Users/hp/Desktop/projet2/ecommerce-store/frontend/assets/AdminBroadcast-Cn9UUKaJ.css.br                    32.38kb / brotliCompress: 6.04kb
dist/C:/Users/hp/Desktop/projet2/ecommerce-store/frontend/assets/AdminAudit-nrqwPb3Z.css.br                        32.02kb / brotliCompress: 6.02kb
dist/C:/Users/hp/Desktop/projet2/ecommerce-store/frontend/assets/AdminDashboard-BmCOWJNS.js.br                     9.42kb / brotliCompress: 3.16kb
dist/C:/Users/hp/Desktop/projet2/ecommerce-store/frontend/assets/AdminContent-o_mStHIM.js.br                       6.23kb / brotliCompress: 2.20kb
dist/C:/Users/hp/Desktop/projet2/ecommerce-store/frontend/assets/AdminAnalytics-fpbeIBhN.css.br                    33.14kb / brotliCompress: 6.15kb
dist/C:/Users/hp/Desktop/projet2/ecommerce-store/frontend/assets/AdminImport-DqCpl66S.js.br                        5.06kb / brotliCompress: 1.85kb
dist/C:/Users/hp/Desktop/projet2/ecommerce-store/frontend/assets/AdminLedger-D0loP65q.js.br                        5.01kb / brotliCompress: 1.78kb
dist/C:/Users/hp/Desktop/projet2/ecommerce-store/frontend/assets/AdminLogs-C5UOS-7V.js.br                          6.60kb / brotliCompress: 2.26kb
dist/C:/Users/hp/Desktop/projet2/ecommerce-store/frontend/assets/AdminLedger-BSZpjxkU.css.br                       31.84kb / brotliCompress: 6.00kb
dist/C:/Users/hp/Desktop/projet2/ecommerce-store/frontend/assets/AdminCache-vNz7Kn3T.css.br                        33.41kb / brotliCompress: 6.23kb
dist/C:/Users/hp/Desktop/projet2/ecommerce-store/frontend/assets/AdminContent-DoF5H0oj.css.br                      34.04kb / brotliCompress: 6.29kb
dist/C:/Users/hp/Desktop/projet2/ecommerce-store/frontend/assets/AdminOrders-VlxVxJGM.js.br                        4.90kb / brotliCompress: 1.68kb
dist/C:/Users/hp/Desktop/projet2/ecommerce-store/frontend/assets/AdminPayouts-BlzOIoij.js.br                       6.07kb / brotliCompress: 2.03kb
dist/C:/Users/hp/Desktop/projet2/ecommerce-store/frontend/assets/AdminLogs-ysY9bcPt.css.br                         34.30kb / brotliCompress: 6.35kb
dist/C:/Users/hp/Desktop/projet2/ecommerce-store/frontend/assets/AdminDashboard-DwQQ8lG7.css.br                    34.03kb / brotliCompress: 6.34kb
dist/C:/Users/hp/Desktop/projet2/ecommerce-store/frontend/assets/AdminOrders-CTJHZVR_.css.br                       34.55kb / brotliCompress: 6.38kb
dist/C:/Users/hp/Desktop/projet2/ecommerce-store/frontend/assets/AdminPayouts-Bnn-2RcM.css.br                      32.84kb / brotliCompress: 6.10kb
dist/C:/Users/hp/Desktop/projet2/ecommerce-store/frontend/assets/AdminPlans-DW_2hnZg.js.br                         13.33kb / brotliCompress: 3.52kb
dist/C:/Users/hp/Desktop/projet2/ecommerce-store/frontend/assets/AdminProducts-Crln_SKd.js.br                      8.49kb / brotliCompress: 2.65kb
dist/C:/Users/hp/Desktop/projet2/ecommerce-store/frontend/assets/AdminProductEditRefactor-kqecKVAE.js.br           16.73kb / brotliCompress: 5.42kb
dist/C:/Users/hp/Desktop/projet2/ecommerce-store/frontend/assets/AdminReviews-eISj3X7g.css.br                      1.94kb / brotliCompress: 0.63kb
dist/C:/Users/hp/Desktop/projet2/ecommerce-store/frontend/assets/AdminPlans-BsbDLgj4.css.br                        36.16kb / brotliCompress: 6.63kb
dist/C:/Users/hp/Desktop/projet2/ecommerce-store/frontend/assets/AdminReviews-CMJu-VyJ.js.br                       3.20kb / brotliCompress: 1.17kb
dist/C:/Users/hp/Desktop/projet2/ecommerce-store/frontend/assets/AdminProductEditRefactor-DICa6An1.css.br          34.11kb / brotliCompress: 6.29kb
dist/C:/Users/hp/Desktop/projet2/ecommerce-store/frontend/assets/AdminRoles-Dp_VwU_w.js.br                         5.57kb / brotliCompress: 2.08kb
dist/C:/Users/hp/Desktop/projet2/ecommerce-store/frontend/assets/AdminProducts-Djcg3jmA.css.br                     36.00kb / brotliCompress: 6.60kb
dist/C:/Users/hp/Desktop/projet2/ecommerce-store/frontend/assets/AdminRMA-CFXqEoDq.js.br                           5.75kb / brotliCompress: 1.99kb
dist/C:/Users/hp/Desktop/projet2/ecommerce-store/frontend/assets/adminService-Dw4XKbTi.js.br                       1.82kb / brotliCompress: 0.51kb
dist/C:/Users/hp/Desktop/projet2/ecommerce-store/frontend/assets/AdminSettings-vVgpRwAY.js.br                      11.02kb / brotliCompress: 3.05kb
dist/C:/Users/hp/Desktop/projet2/ecommerce-store/frontend/assets/AdminShipping-BAgSJEAw.js.br                      11.59kb / brotliCompress: 3.12kb
dist/C:/Users/hp/Desktop/projet2/ecommerce-store/frontend/assets/AdminSubscriptions-DLhMxKbj.js.br                 4.98kb / brotliCompress: 1.76kb
dist/C:/Users/hp/Desktop/projet2/ecommerce-store/frontend/assets/AdminRMA-BfAZUoX_.css.br                          32.57kb / brotliCompress: 6.10kb
dist/C:/Users/hp/Desktop/projet2/ecommerce-store/frontend/assets/AdminStoreBuilder-B5JmjfVO.css.br                 13.62kb / brotliCompress: 2.70kb
dist/C:/Users/hp/Desktop/projet2/ecommerce-store/frontend/assets/AdminShipping-D0fjqWKy.css.br                     35.86kb / brotliCompress: 6.58kb
dist/C:/Users/hp/Desktop/projet2/ecommerce-store/frontend/assets/AdminSupport-B_BCznqU.js.br                       8.21kb / brotliCompress: 2.62kb
dist/C:/Users/hp/Desktop/projet2/ecommerce-store/frontend/assets/AdminSettings-B8nKX3g2.css.br                     39.44kb / brotliCompress: 7.05kb
dist/C:/Users/hp/Desktop/projet2/ecommerce-store/frontend/assets/AdminTasks-B5_iS69s.js.br                         5.24kb / brotliCompress: 1.72kb
dist/C:/Users/hp/Desktop/projet2/ecommerce-store/frontend/assets/AdminStoreBuilder-DMyh3KFi.js.br                  19.76kb / brotliCompress: 5.45kb
dist/C:/Users/hp/Desktop/projet2/ecommerce-store/frontend/assets/AdminUsers-DD4hnDvV.js.br                         8.32kb / brotliCompress: 2.45kb
dist/C:/Users/hp/Desktop/projet2/ecommerce-store/frontend/assets/AdminVendors-703zj3Dq.js.br                       13.10kb / brotliCompress: 3.70kb
dist/C:/Users/hp/Desktop/projet2/ecommerce-store/frontend/assets/AdminRoles-DnL_SgKz.css.br                        4.03kb / brotliCompress: 0.93kb
dist/C:/Users/hp/Desktop/projet2/ecommerce-store/frontend/assets/AdminUsers-Cr0nTRgq.css.br                        33.24kb / brotliCompress: 6.21kb
dist/C:/Users/hp/Desktop/projet2/ecommerce-store/frontend/assets/AffiliateDashboard-DsEk406S.js.br                 12.38kb / brotliCompress: 3.42kb
dist/C:/Users/hp/Desktop/projet2/ecommerce-store/frontend/assets/AdminVendors-k_qSCo_z.css.br                      36.14kb / brotliCompress: 6.64kb
dist/C:/Users/hp/Desktop/projet2/ecommerce-store/frontend/assets/AdminSupport-D4VZUHW5.css.br                      36.36kb / brotliCompress: 6.67kb
dist/C:/Users/hp/Desktop/projet2/ecommerce-store/frontend/assets/Auth.module-BmVkOqk9.js.br                        5.52kb / brotliCompress: 1.60kb
dist/C:/Users/hp/Desktop/projet2/ecommerce-store/frontend/assets/cartService-OvhuQ5P2.js.br                        1.48kb / brotliCompress: 0.65kb
dist/C:/Users/hp/Desktop/projet2/ecommerce-store/frontend/assets/BecomeVendor-DS9yix3p.js.br                       5.36kb / brotliCompress: 1.64kb
dist/C:/Users/hp/Desktop/projet2/ecommerce-store/frontend/assets/CategoryShowcase-B6xPdrdS.css.br                  7.02kb / brotliCompress: 1.59kb
dist/C:/Users/hp/Desktop/projet2/ecommerce-store/frontend/assets/Cart-DVfSG-qv.js.br                               6.05kb / brotliCompress: 1.87kb
dist/C:/Users/hp/Desktop/projet2/ecommerce-store/frontend/assets/Checkout-0ubmqsXZ.css.br                          8.02kb / brotliCompress: 1.70kb
dist/C:/Users/hp/Desktop/projet2/ecommerce-store/frontend/assets/CheckoutSuccess-Buebqpqd.js.br                    1.75kb / brotliCompress: 0.75kb
dist/C:/Users/hp/Desktop/projet2/ecommerce-store/frontend/assets/Auth-V3X0tE2g.css.br                              36.32kb / brotliCompress: 6.86kb
dist/C:/Users/hp/Desktop/projet2/ecommerce-store/frontend/assets/CategoryShowcase-DWpFr5lm.js.br                   13.04kb / brotliCompress: 3.53kb
dist/C:/Users/hp/Desktop/projet2/ecommerce-store/frontend/assets/Compare-Bx_3O058.js.br                            4.84kb / brotliCompress: 1.67kb
dist/C:/Users/hp/Desktop/projet2/ecommerce-store/frontend/assets/Checkout-DTVK52aj.js.br                           8.38kb / brotliCompress: 2.50kb
dist/C:/Users/hp/Desktop/projet2/ecommerce-store/frontend/assets/Contact-B3lLSolN.js.br                            1.36kb / brotliCompress: 0.63kb
dist/C:/Users/hp/Desktop/projet2/ecommerce-store/frontend/assets/CustomButton-BDAL7YBv.js.br                       1.30kb / brotliCompress: 0.64kb
dist/C:/Users/hp/Desktop/projet2/ecommerce-store/frontend/assets/CustomButton-D4RhLHPx.css.br                      1.76kb / brotliCompress: 0.69kb
dist/C:/Users/hp/Desktop/projet2/ecommerce-store/frontend/assets/axios-B9ygI19o.js.br                              35.43kb / brotliCompress: 12.99kb
dist/C:/Users/hp/Desktop/projet2/ecommerce-store/frontend/assets/d3-array-g_qRI3rN.js.br                           3.28kb / brotliCompress: 1.32kb
dist/C:/Users/hp/Desktop/projet2/ecommerce-store/frontend/assets/cross-fetch-CfFvuJOP.js.br                        10.22kb / brotliCompress: 3.08kb
dist/C:/Users/hp/Desktop/projet2/ecommerce-store/frontend/assets/d3-format-CzD4bSOQ.js.br                          4.68kb / brotliCompress: 1.97kb
dist/C:/Users/hp/Desktop/projet2/ecommerce-store/frontend/assets/d3-path-CimkQT29.js.br                            1.98kb / brotliCompress: 0.81kb
dist/C:/Users/hp/Desktop/projet2/ecommerce-store/frontend/assets/d3-color-9lF95FHy.js.br                           6.96kb / brotliCompress: 2.54kb
dist/C:/Users/hp/Desktop/projet2/ecommerce-store/frontend/assets/d3-interpolate-CCf1iqz-.js.br                     2.50kb / brotliCompress: 1.08kb
dist/C:/Users/hp/Desktop/projet2/ecommerce-store/frontend/assets/CustomerSupport-CTmHIQX2.js.br                    5.58kb / brotliCompress: 1.77kb
dist/C:/Users/hp/Desktop/projet2/ecommerce-store/frontend/assets/d3-time-format-j2_s_XYn.js.br                     8.81kb / brotliCompress: 2.41kb
dist/C:/Users/hp/Desktop/projet2/ecommerce-store/frontend/assets/d3-scale-_jV4VZB3.js.br                           14.66kb / brotliCompress: 4.30kb
dist/C:/Users/hp/Desktop/projet2/ecommerce-store/frontend/assets/Compare-7uoL_PS9.css.br                           32.67kb / brotliCompress: 6.10kb
dist/C:/Users/hp/Desktop/projet2/ecommerce-store/frontend/assets/d3-shape-CTij_K8F.js.br                           13.55kb / brotliCompress: 3.36kb
dist/C:/Users/hp/Desktop/projet2/ecommerce-store/frontend/assets/d3-time-g9mLz1m7.js.br                            4.54kb / brotliCompress: 1.46kb
dist/C:/Users/hp/Desktop/projet2/ecommerce-store/frontend/assets/ForgotPassword-QJNS2F_S.js.br                     5.48kb / brotliCompress: 1.81kb
dist/C:/Users/hp/Desktop/projet2/ecommerce-store/frontend/assets/governanceService-C1vG-j8x.js.br                  2.13kb / brotliCompress: 0.62kb
dist/C:/Users/hp/Desktop/projet2/ecommerce-store/frontend/assets/DynamicBanners-DXa1GkF0.css.br                    6.55kb / brotliCompress: 1.54kb
dist/C:/Users/hp/Desktop/projet2/ecommerce-store/frontend/assets/hoist-non-react-statics-CEvG90uu.js.br            1.09kb / brotliCompress: 0.50kb
dist/C:/Users/hp/Desktop/projet2/ecommerce-store/frontend/assets/decimal.js-light-DQE-3iDJ.js.br                   12.48kb / brotliCompress: 4.86kb
dist/C:/Users/hp/Desktop/projet2/ecommerce-store/frontend/assets/DynamicBanners-B2mvoNQo.js.br                     11.32kb / brotliCompress: 3.08kb
dist/C:/Users/hp/Desktop/projet2/ecommerce-store/frontend/assets/i18next-browser-languagedetector-ClvlpAgo.js.br   6.84kb / brotliCompress: 2.13kb
dist/C:/Users/hp/Desktop/projet2/ecommerce-store/frontend/assets/es-toolkit-CfV2Lj3l.js.br                         21.21kb / brotliCompress: 5.58kb
dist/C:/Users/hp/Desktop/projet2/ecommerce-store/frontend/assets/immer-BZTISVQZ.js.br                              8.04kb / brotliCompress: 2.89kb
dist/C:/Users/hp/Desktop/projet2/ecommerce-store/frontend/assets/html-parse-stringify-BQkF0Qpc.js.br               2.04kb / brotliCompress: 1.00kb
dist/C:/Users/hp/Desktop/projet2/ecommerce-store/frontend/assets/Input-ZJ13qh7P.js.br                              3.50kb / brotliCompress: 0.94kb
dist/C:/Users/hp/Desktop/projet2/ecommerce-store/frontend/assets/i18next-http-backend-BNtm7ZYQ.js.br               10.66kb / brotliCompress: 3.23kb
dist/C:/Users/hp/Desktop/projet2/ecommerce-store/frontend/assets/Inbox-Dt0a0wIt.js.br                              8.17kb / brotliCompress: 2.22kb
dist/C:/Users/hp/Desktop/projet2/ecommerce-store/frontend/assets/Cart-C_t3UBDS.css.br                              6.67kb / brotliCompress: 1.44kb
dist/C:/Users/hp/Desktop/projet2/ecommerce-store/frontend/assets/Login-DU0nYOD7.js.br                              9.96kb / brotliCompress: 2.81kb
dist/C:/Users/hp/Desktop/projet2/ecommerce-store/frontend/assets/Landing-BcMnlh5Y.js.br                            16.71kb / brotliCompress: 4.73kb
dist/C:/Users/hp/Desktop/projet2/ecommerce-store/frontend/assets/OrderReview-DmWS04w4.js.br                        1.46kb / brotliCompress: 0.71kb
dist/C:/Users/hp/Desktop/projet2/ecommerce-store/frontend/assets/Orders-Cx06FuHj.js.br                             9.90kb / brotliCompress: 3.04kb
dist/C:/Users/hp/Desktop/projet2/ecommerce-store/frontend/assets/orderService-BJ56Ihc0.js.br                       1.24kb / brotliCompress: 0.56kb
dist/C:/Users/hp/Desktop/projet2/ecommerce-store/frontend/assets/i18next-Cb5O8a3p.js.br                            42.56kb / brotliCompress: 12.19kb
dist/C:/Users/hp/Desktop/projet2/ecommerce-store/frontend/assets/OrderDetail-DsuWWe-t.js.br                        12.26kb / brotliCompress: 3.73kb
dist/C:/Users/hp/Desktop/projet2/ecommerce-store/frontend/assets/ProductCard-B0-psh2O.css.br                       6.31kb / brotliCompress: 1.59kb
dist/C:/Users/hp/Desktop/projet2/ecommerce-store/frontend/assets/ProductCard-u0Bfqh1X.js.br                        4.26kb / brotliCompress: 1.63kb
dist/C:/Users/hp/Desktop/projet2/ecommerce-store/frontend/assets/PageContainer-CYuEISiY.css.br                     1.04kb / brotliCompress: 0.46kb
dist/C:/Users/hp/Desktop/projet2/ecommerce-store/frontend/assets/lucide-react-CN7Hl_-X.js.br                       45.84kb / brotliCompress: 7.63kb
dist/C:/Users/hp/Desktop/projet2/ecommerce-store/frontend/assets/ProductDetail-NbRMvguE.js.br                      28.10kb / brotliCompress: 8.39kb
dist/C:/Users/hp/Desktop/projet2/ecommerce-store/frontend/assets/Products-DFGBGZyo.css.br                          7.21kb / brotliCompress: 1.76kb
dist/C:/Users/hp/Desktop/projet2/ecommerce-store/frontend/assets/Orders-4uPkBxG_.css.br                            34.00kb / brotliCompress: 6.34kb
dist/C:/Users/hp/Desktop/projet2/ecommerce-store/frontend/assets/Profile-B5j5BrfV.js.br                            4.97kb / brotliCompress: 1.64kb
dist/C:/Users/hp/Desktop/projet2/ecommerce-store/frontend/assets/Products-DvfkU7gJ.js.br                           10.72kb / brotliCompress: 3.29kb
dist/C:/Users/hp/Desktop/projet2/ecommerce-store/frontend/assets/ProfileSettings-CH3BX1ea.js.br                    3.33kb / brotliCompress: 1.02kb
dist/C:/Users/hp/Desktop/projet2/ecommerce-store/frontend/assets/Profile-AsggImUL.css.br                           33.73kb / brotliCompress: 6.29kb
dist/C:/Users/hp/Desktop/projet2/ecommerce-store/frontend/assets/react-BJPSaweZ.js.br                              8.04kb / brotliCompress: 2.73kb
dist/C:/Users/hp/Desktop/projet2/ecommerce-store/frontend/assets/react-i18next-BvKTRlA7.js.br                      11.71kb / brotliCompress: 4.54kb
dist/C:/Users/hp/Desktop/projet2/ecommerce-store/frontend/assets/react-redux-ml82IoAf.js.br                        2.27kb / brotliCompress: 1.01kb
dist/C:/Users/hp/Desktop/projet2/ecommerce-store/frontend/assets/OrderDetail-DckvEv8r.css.br                       34.42kb / brotliCompress: 6.40kb
dist/C:/Users/hp/Desktop/projet2/ecommerce-store/frontend/assets/react-is-BpnmhmOb.js.br                           2.46kb / brotliCompress: 0.73kb
dist/C:/Users/hp/Desktop/projet2/ecommerce-store/frontend/assets/ProductDetail-CnDsTf9S.css.br                     71.10kb / brotliCompress: 8.94kb
dist/C:/Users/hp/Desktop/projet2/ecommerce-store/frontend/assets/react-router-dom-DvQkbO-5.js.br                   3.58kb / brotliCompress: 1.53kb
dist/C:/Users/hp/Desktop/projet2/ecommerce-store/frontend/assets/redux-BXkGT1VS.js.br                              2.85kb / brotliCompress: 1.11kb
dist/C:/Users/hp/Desktop/projet2/ecommerce-store/frontend/assets/ResetPassword-ygrZxod5.js.br                      2.20kb / brotliCompress: 0.93kb
dist/C:/Users/hp/Desktop/projet2/ecommerce-store/frontend/assets/reselect-CiXCCDx7.js.br                           2.72kb / brotliCompress: 1.09kb
dist/C:/Users/hp/Desktop/projet2/ecommerce-store/frontend/assets/react-router-CMOkIiIS.js.br                       8.79kb / brotliCompress: 2.97kb
dist/C:/Users/hp/Desktop/projet2/ecommerce-store/frontend/assets/scheduler-CoSDG3-6.js.br                          4.07kb / brotliCompress: 1.54kb
dist/C:/Users/hp/Desktop/projet2/ecommerce-store/frontend/assets/SearchResults-CJNazyGr.js.br                      1.54kb / brotliCompress: 0.76kb
dist/C:/Users/hp/Desktop/projet2/ecommerce-store/frontend/assets/SupplierDashboard-PjmRSAEu.js.br                  7.92kb / brotliCompress: 2.35kb
dist/C:/Users/hp/Desktop/projet2/ecommerce-store/frontend/assets/SupplierDashboard-DVOdxSMA.css.br                 35.13kb / brotliCompress: 6.46kb
dist/C:/Users/hp/Desktop/projet2/ecommerce-store/frontend/assets/VendorAddProduct-BOGSJIT7.js.br                   15.47kb / brotliCompress: 4.29kb
dist/C:/Users/hp/Desktop/projet2/ecommerce-store/frontend/assets/use-sync-external-store-Dh-ldOXz.js.br            3.41kb / brotliCompress: 1.05kb
dist/C:/Users/hp/Desktop/projet2/ecommerce-store/frontend/assets/VendorAds-CR67UR4c.js.br                          4.93kb / brotliCompress: 1.83kb
dist/C:/Users/hp/Desktop/projet2/ecommerce-store/frontend/assets/VendorAffiliate-B9cBlUng.js.br                    5.71kb / brotliCompress: 1.87kb
dist/C:/Users/hp/Desktop/projet2/ecommerce-store/frontend/assets/VendorCoupons-BPz9IDRZ.css.br                     34.72kb / brotliCompress: 6.37kb
dist/C:/Users/hp/Desktop/projet2/ecommerce-store/frontend/assets/VendorAddProduct-C2RtTnhM.css.br                  34.93kb / brotliCompress: 6.47kb
dist/C:/Users/hp/Desktop/projet2/ecommerce-store/frontend/assets/VendorCoupons-NZkT6PVt.js.br                      6.35kb / brotliCompress: 2.08kb
dist/C:/Users/hp/Desktop/projet2/ecommerce-store/frontend/assets/VendorAffiliate-BFXs3vEO.css.br                   33.31kb / brotliCompress: 6.16kb
dist/C:/Users/hp/Desktop/projet2/ecommerce-store/frontend/assets/VendorDashboard-C8Ok3LQA.css.br                   33.73kb / brotliCompress: 6.29kb
dist/C:/Users/hp/Desktop/projet2/ecommerce-store/frontend/assets/VendorDropshipping-B--nKIn8.js.br                 4.78kb / brotliCompress: 1.74kb
dist/C:/Users/hp/Desktop/projet2/ecommerce-store/frontend/assets/VendorDropshipping-ClJw7wun.css.br                3.90kb / brotliCompress: 1.16kb
dist/C:/Users/hp/Desktop/projet2/ecommerce-store/frontend/assets/VendorDashboard-DAkuSY_q.js.br                    8.47kb / brotliCompress: 2.78kb
dist/C:/Users/hp/Desktop/projet2/ecommerce-store/frontend/assets/VendorOrders-BDXdgQ1J.js.br                       9.61kb / brotliCompress: 2.85kb
dist/C:/Users/hp/Desktop/projet2/ecommerce-store/frontend/assets/VendorPayoutRequests-DZ3BZz3I.js.br               6.20kb / brotliCompress: 2.09kb
dist/C:/Users/hp/Desktop/projet2/ecommerce-store/frontend/assets/VendorPlans-BA1ynPBz.js.br                        9.50kb / brotliCompress: 2.68kb
dist/C:/Users/hp/Desktop/projet2/ecommerce-store/frontend/assets/VendorOrders-ChKjy97A.css.br                      36.08kb / brotliCompress: 6.52kb
dist/C:/Users/hp/Desktop/projet2/ecommerce-store/frontend/assets/VendorPayoutRequests-CyKWB3tm.css.br              33.11kb / brotliCompress: 6.22kb
dist/C:/Users/hp/Desktop/projet2/ecommerce-store/frontend/assets/VendorPlans-CQeqHEJG.css.br                       35.21kb / brotliCompress: 6.55kb
dist/C:/Users/hp/Desktop/projet2/ecommerce-store/frontend/assets/VendorProducts-BSeaICzS.js.br                     8.98kb / brotliCompress: 2.61kb
dist/C:/Users/hp/Desktop/projet2/ecommerce-store/frontend/assets/VendorSettings-BVu1sl6z.js.br                     9.60kb / brotliCompress: 2.28kb
dist/C:/Users/hp/Desktop/projet2/ecommerce-store/frontend/assets/VendorReviews-CbixKFMR.js.br                      5.85kb / brotliCompress: 2.00kb
dist/C:/Users/hp/Desktop/projet2/ecommerce-store/frontend/assets/VendorSettings-Bq7KJRKx.css.br                    32.76kb / brotliCompress: 6.16kb
dist/C:/Users/hp/Desktop/projet2/ecommerce-store/frontend/assets/vendorService-lI6tIW5R.js.br                      1.73kb / brotliCompress: 0.66kb
dist/C:/Users/hp/Desktop/projet2/ecommerce-store/frontend/assets/VendorProducts-DR1FjhD3.css.br                    35.94kb / brotliCompress: 6.52kb
dist/C:/Users/hp/Desktop/projet2/ecommerce-store/frontend/assets/VendorStore-CA-B4IFd.js.br                        7.31kb / brotliCompress: 2.52kb
dist/C:/Users/hp/Desktop/projet2/ecommerce-store/frontend/assets/VendorShipping-CJ5PpBeg.css.br                    31.49kb / brotliCompress: 5.92kb
dist/C:/Users/hp/Desktop/projet2/ecommerce-store/frontend/assets/VendorShipping-CMwE3GRK.js.br                     4.39kb / brotliCompress: 1.31kb
dist/C:/Users/hp/Desktop/projet2/ecommerce-store/frontend/assets/VendorSupport-CN1xtsoC.js.br                      7.09kb / brotliCompress: 2.23kb
dist/C:/Users/hp/Desktop/projet2/ecommerce-store/frontend/assets/VendorStore-BwGEJooN.css.br                       33.65kb / brotliCompress: 6.25kb
dist/C:/Users/hp/Desktop/projet2/ecommerce-store/frontend/assets/VendorSupport-BkYl-Op6.css.br                     39.28kb / brotliCompress: 7.05kb
dist/C:/Users/hp/Desktop/projet2/ecommerce-store/frontend/assets/VendorWallet-pLZ5xQV8.js.br                       10.19kb / brotliCompress: 3.09kb
dist/C:/Users/hp/Desktop/projet2/ecommerce-store/frontend/assets/Wishlist-E_S6Pa0K.js.br                           4.33kb / brotliCompress: 1.62kb
dist/C:/Users/hp/Desktop/projet2/ecommerce-store/frontend/assets/Wallet-CFV3Mh8Y.js.br                             5.81kb / brotliCompress: 2.05kb
dist/C:/Users/hp/Desktop/projet2/ecommerce-store/frontend/assets/VendorWallet-Bm-VXk9r.css.br                      32.78kb / brotliCompress: 6.15kb
dist/C:/Users/hp/Desktop/projet2/ecommerce-store/frontend/assets/web-vitals-nuFs5_Vk.js.br                         5.25kb / brotliCompress: 1.72kb
dist/C:/Users/hp/Desktop/projet2/ecommerce-store/frontend/index.html.br                                            2.35kb / brotliCompress: 0.63kb
dist/C:/Users/hp/Desktop/projet2/ecommerce-store/frontend/assets/zustand-B0xfV8HZ.js.br                            7.36kb / brotliCompress: 2.47kb
dist/C:/Users/hp/Desktop/projet2/ecommerce-store/frontend/assets/Wishlist-DaIEIFeJ.css.br                          32.63kb / brotliCompress: 6.07kb
dist/C:/Users/hp/Desktop/projet2/ecommerce-store/frontend/assets/index-DmJ7F8cv.js.br                              121.95kb / brotliCompress: 29.41kb
dist/C:/Users/hp/Desktop/projet2/ecommerce-store/frontend/assets/react-dom-DnEo3yEZ.js.br                          127.40kb / brotliCompress: 35.72kb
dist/C:/Users/hp/Desktop/projet2/ecommerce-store/frontend/assets/index-DCYI5r6Y.css.br                             374.79kb / brotliCompress: 24.65kb
dist/C:/Users/hp/Desktop/projet2/ecommerce-store/frontend/assets/recharts-breiHuT9.js.br                           215.39kb / brotliCompress: 48.43kb


✗ Build failed in 11.81s
error during build:
[vite:esbuild] Transform failed with 1 error:
C:/Users/hp/Desktop/projet2/ecommerce-store/frontend/src/pages/VendorStore.jsx:291:24: ERROR: Expected ")" but found "<"
file: C:/Users/hp/Desktop/projet2/ecommerce-store/frontend/src/pages/VendorStore.jsx:291:24

Expected ")" but found "<"
289|                                  );
290|                              })()}
291|                          </div>
   |                          ^
292|                      )}
293|                  </div>

    at failureErrorWithLog (C:\Users\hp\Desktop\projet2\ecommerce-store\frontend\node_modules\esbuild\lib\main.js:1467:15)
    at C:\Users\hp\Desktop\projet2\ecommerce-store\frontend\node_modules\esbuild\lib\main.js:736:50
    at responseCallbacks.<computed> (C:\Users\hp\Desktop\projet2\ecommerce-store\frontend\node_modules\esbuild\lib\main.js:603:9)
    at handleIncomingPacket (C:\Users\hp\Desktop\projet2\ecommerce-store\frontend\node_modules\esbuild\lib\main.js:658:12)
    at Socket.readFromStdout (C:\Users\hp\Desktop\projet2\ecommerce-store\frontend\node_modules\esbuild\lib\main.js:581:7)
    at Socket.emit (node:events:518:28)
    at addChunk (node:internal/streams/readable:561:12)
    at readableAddChunkPushByteMode (node:internal/streams/readable:512:3)
    at Readable.push (node:internal/streams/readable:392:5)
    at Pipe.onStreamRead (node:internal/stream_base_commons:189:23)
